customObst|33|33|file:Images\\Buildings\\WoodWall32.png
customObst|33|65|file:Images\\Buildings\\WoodWall32.png
customObst|65|33|file:Images\\Buildings\\WoodWall32.png
customObst|65|65|file:Images\\Buildings\\WoodWall32.png
customObst|33|97|file:Images\\Buildings\\WoodWall32.png
over|33|1|file:Images\\Buildings\\WoodRoofLeft32.png
over|161|1|file:Images\\Buildings\\WoodRoofRight32.png
over|65|1|file:Images\\Buildings\\WoodWall32.png
over|65|1|file:Images\\Buildings\\WoodWall32.png
over|97|1|file:Images\\Buildings\\WoodWall32.png
over|129|1|file:Images\\Buildings\\WoodWall32.png
customObst|65|97|file:Images\\Buildings\\WoodWall32.png
customObst|97|33|file:Images\\Buildings\\WoodWall32.png
customObst|129|33|file:Images\\Buildings\\WoodWall32.png
under|97|65|file:Images\\Buildings\\DarkDoorwayTall.png
exit|100|75|468|421|north|Saves\\Save01\\Maps\\TestHouseLarge.map
customObst|129|65|file:Images\\Buildings\\WoodWall32.png
customObst|129|97|file:Images\\Buildings\\WoodWall32.png
customObst|161|33|file:Images\\Buildings\\WoodWall32.png
customObst|161|65|file:Images\\Buildings\\WoodWall32.png
customObst|161|97|file:Images\\Buildings\\WoodWall32.png
over|193|65|file:Images\\Buildings\\WoodRoofRight32.png
customObst|193|97|file:Images\\Buildings\\WoodWall32.png