customObst|5|5|file:Images\\Nature\\Tree.png
customObst|5|656|file:Images\\Nature\\Tree.png
customObst|50|5|file:Images\\Nature\\Tree.png
customObst|50|656|file:Images\\Nature\\Tree.png
customObst|95|5|file:Images\\Nature\\Tree.png
customObst|95|656|file:Images\\Nature\\Tree.png
customObst|140|5|file:Images\\Nature\\Tree.png
customObst|140|656|file:Images\\Nature\\Tree.png
customObst|185|5|file:Images\\Nature\\Tree.png
customObst|185|656|file:Images\\Nature\\Tree.png
customObst|230|5|file:Images\\Nature\\Tree.png
customObst|230|656|file:Images\\Nature\\Tree.png
customObst|275|5|file:Images\\Nature\\Tree.png
customObst|275|656|file:Images\\Nature\\Tree.png
customObst|320|5|file:Images\\Nature\\Tree.png
customObst|320|656|file:Images\\Nature\\Tree.png
customObst|365|5|file:Images\\Nature\\Tree.png
customObst|365|656|file:Images\\Nature\\Tree.png
customObst|410|5|file:Images\\Nature\\Tree.png
customObst|410|656|file:Images\\Nature\\Tree.png
customObst|455|5|file:Images\\Nature\\Tree.png
customObst|455|656|file:Images\\Nature\\Tree.png
customObst|500|5|file:Images\\Nature\\Tree.png
customObst|500|656|file:Images\\Nature\\Tree.png
customObst|545|5|file:Images\\Nature\\Tree.png
customObst|545|656|file:Images\\Nature\\Tree.png
customObst|590|5|file:Images\\Nature\\Tree.png
customObst|590|656|file:Images\\Nature\\Tree.png
customObst|635|5|file:Images\\Nature\\Tree.png
customObst|635|656|file:Images\\Nature\\Tree.png
customObst|680|5|file:Images\\Nature\\Tree.png
customObst|680|656|file:Images\\Nature\\Tree.png
customObst|725|5|file:Images\\Nature\\Tree.png
customObst|725|656|file:Images\\Nature\\Tree.png
customObst|770|5|file:Images\\Nature\\Tree.png
customObst|770|656|file:Images\\Nature\\Tree.png
customObst|815|5|file:Images\\Nature\\Tree.png
customObst|815|656|file:Images\\Nature\\Tree.png
customObst|860|5|file:Images\\Nature\\Tree.png
customObst|860|656|file:Images\\Nature\\Tree.png
customObst|905|5|file:Images\\Nature\\Tree.png
customObst|905|656|file:Images\\Nature\\Tree.png
customObst|950|5|file:Images\\Nature\\Tree.png
customObst|950|656|file:Images\\Nature\\Tree.png
customObst|995|5|file:Images\\Nature\\Tree.png
customObst|995|656|file:Images\\Nature\\Tree.png
customObst|5|47|file:Images\\Nature\\Tree.png
customObst|5|87|file:Images\\Nature\\Tree.png
customObst|5|127|file:Images\\Nature\\Tree.png
customObst|5|167|file:Images\\Nature\\Tree.png
customObst|5|207|file:Images\\Nature\\Tree.png
customObst|5|247|file:Images\\Nature\\Tree.png
customObst|5|287|file:Images\\Nature\\Tree.png
customObst|5|327|file:Images\\Nature\\Tree.png
customObst|5|367|file:Images\\Nature\\Tree.png
customObst|5|407|file:Images\\Nature\\Tree.png
customObst|5|447|file:Images\\Nature\\Tree.png
customObst|5|487|file:Images\\Nature\\Tree.png
customObst|5|527|file:Images\\Nature\\Tree.png
customObst|5|567|file:Images\\Nature\\Tree.png
customObst|5|607|file:Images\\Nature\\Tree.png
customObst|995|47|file:Images\\Nature\\Tree.png
customObst|995|87|file:Images\\Nature\\Tree.png
customObst|995|127|file:Images\\Nature\\Tree.png
customObst|995|167|file:Images\\Nature\\Tree.png
customObst|995|207|file:Images\\Nature\\Tree.png
customObst|995|247|file:Images\\Nature\\Tree.png
customObst|995|287|file:Images\\Nature\\Tree.png
customObst|995|327|file:Images\\Nature\\Tree.png
customObst|995|367|file:Images\\Nature\\Tree.png
customObst|995|407|file:Images\\Nature\\Tree.png
customObst|995|447|file:Images\\Nature\\Tree.png
customObst|995|487|file:Images\\Nature\\Tree.png
customObst|995|527|file:Images\\Nature\\Tree.png
customObst|995|567|file:Images\\Nature\\Tree.png
customObst|995|614|file:Images\\Nature\\Tree.png