exit|512|665|512|50|south|Saves\\Save01\\Maps\\Map0-1.map
customObst|5|5|file:Images\\Nature\\Tree.png
customObst|5|656|file:Images\\Nature\\Tree.png
customObst|50|5|file:Images\\Nature\\Tree.png
customObst|50|656|file:Images\\Nature\\Tree.png
customObst|95|5|file:Images\\Nature\\Tree.png
customObst|95|656|file:Images\\Nature\\Tree.png
customObst|140|5|file:Images\\Nature\\Tree.png
customObst|140|656|file:Images\\Nature\\Tree.png
customObst|185|5|file:Images\\Nature\\Tree.png
customObst|185|656|file:Images\\Nature\\Tree.png
customObst|230|5|file:Images\\Nature\\Tree.png
customObst|230|656|file:Images\\Nature\\Tree.png
customObst|275|5|file:Images\\Nature\\Tree.png
customObst|275|656|file:Images\\Nature\\Tree.png
customObst|320|5|file:Images\\Nature\\Tree.png
customObst|320|656|file:Images\\Nature\\Tree.png
customObst|365|5|file:Images\\Nature\\Tree.png
customObst|365|656|file:Images\\Nature\\Tree.png
customObst|410|5|file:Images\\Nature\\Tree.png
customObst|410|656|file:Images\\Nature\\Tree.png
customObst|455|5|file:Images\\Nature\\Tree.png
customObst|455|656|file:Images\\Nature\\Tree.png
customObst|500|5|file:Images\\Nature\\Tree.png
customObst|545|5|file:Images\\Nature\\Tree.png
customObst|545|656|file:Images\\Nature\\Tree.png
customObst|590|5|file:Images\\Nature\\Tree.png
customObst|590|656|file:Images\\Nature\\Tree.png
customObst|635|5|file:Images\\Nature\\Tree.png
customObst|635|656|file:Images\\Nature\\Tree.png
customObst|680|5|file:Images\\Nature\\Tree.png
customObst|680|656|file:Images\\Nature\\Tree.png
customObst|725|5|file:Images\\Nature\\Tree.png
customObst|725|656|file:Images\\Nature\\Tree.png
customObst|770|5|file:Images\\Nature\\Tree.png
customObst|770|656|file:Images\\Nature\\Tree.png
customObst|815|5|file:Images\\Nature\\Tree.png
customObst|815|656|file:Images\\Nature\\Tree.png
customObst|860|5|file:Images\\Nature\\Tree.png
customObst|860|656|file:Images\\Nature\\Tree.png
customObst|905|5|file:Images\\Nature\\Tree.png
customObst|905|656|file:Images\\Nature\\Tree.png
customObst|950|5|file:Images\\Nature\\Tree.png
customObst|950|656|file:Images\\Nature\\Tree.png
customObst|995|5|file:Images\\Nature\\Tree.png
customObst|995|656|file:Images\\Nature\\Tree.png
customObst|5|47|file:Images\\Nature\\Tree.png
customObst|5|87|file:Images\\Nature\\Tree.png
customObst|5|127|file:Images\\Nature\\Tree.png
customObst|5|167|file:Images\\Nature\\Tree.png
customObst|5|207|file:Images\\Nature\\Tree.png
customObst|5|247|file:Images\\Nature\\Tree.png
customObst|5|287|file:Images\\Nature\\Tree.png
customObst|5|327|file:Images\\Nature\\Tree.png
customObst|5|367|file:Images\\Nature\\Tree.png
customObst|5|407|file:Images\\Nature\\Tree.png
customObst|5|447|file:Images\\Nature\\Tree.png
customObst|5|487|file:Images\\Nature\\Tree.png
customObst|5|527|file:Images\\Nature\\Tree.png
customObst|5|567|file:Images\\Nature\\Tree.png
customObst|5|607|file:Images\\Nature\\Tree.png
customObst|995|47|file:Images\\Nature\\Tree.png
customObst|995|87|file:Images\\Nature\\Tree.png
customObst|995|127|file:Images\\Nature\\Tree.png
customObst|995|167|file:Images\\Nature\\Tree.png
customObst|995|207|file:Images\\Nature\\Tree.png
customObst|995|247|file:Images\\Nature\\Tree.png
customObst|995|287|file:Images\\Nature\\Tree.png
customObst|995|327|file:Images\\Nature\\Tree.png
customObst|995|367|file:Images\\Nature\\Tree.png
customObst|995|407|file:Images\\Nature\\Tree.png
customObst|995|447|file:Images\\Nature\\Tree.png
customObst|995|487|file:Images\\Nature\\Tree.png
customObst|995|527|file:Images\\Nature\\Tree.png
customObst|995|567|file:Images\\Nature\\Tree.png
customObst|995|614|file:Images\\Nature\\Tree.png
customObst|690|397|file:Images\\Buildings\\WoodWall32.png
customObst|690|429|file:Images\\Buildings\\WoodWall32.png
customObst|722|397|file:Images\\Buildings\\WoodWall32.png
customObst|722|429|file:Images\\Buildings\\WoodWall32.png
customObst|690|461|file:Images\\Buildings\\WoodWall32.png
over|690|365|file:Images\\Buildings\\WoodRoofLeft32.png
over|818|365|file:Images\\Buildings\\WoodRoofRight32.png
over|722|365|file:Images\\Buildings\\WoodWall32.png
over|754|365|file:Images\\Buildings\\WoodWall32.png
over|786|365|file:Images\\Buildings\\WoodWall32.png
customObst|722|461|file:Images\\Buildings\\WoodWall32.png
customObst|754|397|file:Images\\Buildings\\WoodWall32.png
customObst|786|397|file:Images\\Buildings\\WoodWall32.png
under|754|429|file:Images\\Buildings\\DarkDoorwayTall.png
exit|757|439|468|421|north|Saves\\Save01\\Maps\\TestHouseLarge.map
customObst|786|429|file:Images\\Buildings\\WoodWall32.png
customObst|786|461|file:Images\\Buildings\\WoodWall32.png
customObst|818|397|file:Images\\Buildings\\WoodWall32.png
customObst|818|429|file:Images\\Buildings\\WoodWall32.png
customObst|818|461|file:Images\\Buildings\\WoodWall32.png
over|850|429|file:Images\\Buildings\\WoodRoofRight32.png
customObst|850|461|file:Images\\Buildings\\WoodWall32.png
enemy|350|350|El Rato|10|200|200|100|100|20|20|20|20|file:Images\Characters\ElRato.png|file:Images\Characters\ElRato.png|file:Images\Characters\ElRato.png|file:Images\Characters\ElRato.png|file:Music\InLightOfDarkness.mp3|This is the balding rat!|You will bald prematurely if you don't say: |hello rato
customObst|255|530|file:Images\Nature\Tree50x50.png
customObst|911|66|file:Images\Nature\Tree.png
customObst|64|467|file:Images\Nature\Tree.png
customObst|782|64|file:Images\Nature\Tree.png
customObst|205|232|file:Images\Nature\Tree.png
customObst|191|531|file:Images\Nature\Tree.png
customObst|591|420|file:Images\Nature\Tree50x50.png
customObst|613|162|file:Images\Nature\Tree.png
customObst|624|244|file:Images\Nature\Tree.png
customObst|244|426|file:Images\Nature\Tree.png
customObst|471|559|file:Images\Nature\Tree.png
customObst|55|579|file:Images\Nature\Tree.png
customObst|276|149|file:Images\Nature\Tree.png
customObst|887|259|file:Images\Nature\Tree.png
customObst|670|319|file:Images\Nature\Tree.png
customObst|461|614|file:Images\Nature\Tree.png
item|shield|842|167|2|0|4|2|3.0|0|0|64|junk|wood|file:Images\Armors\wood\Shield.png|wood shield|A wood shield
customObst|343|607|file:Images\Nature\Tree.png
customObst|108|456|file:Images\Nature\Tree.png
item|legs|826|604|0|0|4|2|3.0|0|0|33|junk|cloth|file:Images\Armors\cloth\Legs.png|cloth legs|A pair of cloth leggings
item|axe|176|281|3|0|0|3|1.0|0|0|57|uncommon|wood|file:Images\Weapons\wood\axe\Axe.png|wood axe|A wood axe
customObst|315|487|file:Images\Nature\Tree.png
loot|102|80|file:Images\Lootables\ChestArea.png
item|dagger|0|0|5|1|0|1|1.0|0|0|49|very_rare|stone|file:Images\Weapons\stone\dagger\Dagger.png|stone dagger|A stone dagger
item|axe|0|0|4|0|0|3|3.0|0|0|77|junk|stone|file:Images\Weapons\stone\axe\Axe.png|stone axe|A stone axe
item|chest|0|0|0|0|4|4|5.0|0|0|71|common|cloth|file:Images\Armors\cloth\Chest.png|cloth armor|A cloth chest
item|legs|0|0|0|0|4|2|4.0|0|0|53|common|wood|file:Images\Armors\wood\Legs.png|wood legs|A pair of wood leggings
endloot
neutral|884|595|Nick Bell|Images\Characters\GenericNeutral\GenericNeutralNorth.png|Images\Characters\GenericNeutral\GenericNeutralSouth.png|Images\Characters\GenericNeutral\GenericNeutralEast.png|Images\Characters\GenericNeutral\GenericNeutralWest.png|This message is being read from the second line.|This is a test of the generic dialogue system.|Hello, how are you?
