exit|512|665|512|50|south|Saves\\Save01\\Maps\\Map0-1.map
customObst|5|5|file:Images\\Nature\\Tree.png
customObst|5|656|file:Images\\Nature\\Tree.png
customObst|50|5|file:Images\\Nature\\Tree.png
customObst|50|656|file:Images\\Nature\\Tree.png
customObst|95|5|file:Images\\Nature\\Tree.png
customObst|95|656|file:Images\\Nature\\Tree.png
customObst|140|5|file:Images\\Nature\\Tree.png
customObst|140|656|file:Images\\Nature\\Tree.png
customObst|185|5|file:Images\\Nature\\Tree.png
customObst|185|656|file:Images\\Nature\\Tree.png
customObst|230|5|file:Images\\Nature\\Tree.png
customObst|230|656|file:Images\\Nature\\Tree.png
customObst|275|5|file:Images\\Nature\\Tree.png
customObst|275|656|file:Images\\Nature\\Tree.png
customObst|320|5|file:Images\\Nature\\Tree.png
customObst|320|656|file:Images\\Nature\\Tree.png
customObst|365|5|file:Images\\Nature\\Tree.png
customObst|365|656|file:Images\\Nature\\Tree.png
customObst|410|5|file:Images\\Nature\\Tree.png
customObst|410|656|file:Images\\Nature\\Tree.png
customObst|455|5|file:Images\\Nature\\Tree.png
customObst|455|656|file:Images\\Nature\\Tree.png
customObst|500|5|file:Images\\Nature\\Tree.png
customObst|545|5|file:Images\\Nature\\Tree.png
customObst|545|656|file:Images\\Nature\\Tree.png
customObst|590|5|file:Images\\Nature\\Tree.png
customObst|590|656|file:Images\\Nature\\Tree.png
customObst|635|5|file:Images\\Nature\\Tree.png
customObst|635|656|file:Images\\Nature\\Tree.png
customObst|680|5|file:Images\\Nature\\Tree.png
customObst|680|656|file:Images\\Nature\\Tree.png
customObst|725|5|file:Images\\Nature\\Tree.png
customObst|725|656|file:Images\\Nature\\Tree.png
customObst|770|5|file:Images\\Nature\\Tree.png
customObst|770|656|file:Images\\Nature\\Tree.png
customObst|815|5|file:Images\\Nature\\Tree.png
customObst|815|656|file:Images\\Nature\\Tree.png
customObst|860|5|file:Images\\Nature\\Tree.png
customObst|860|656|file:Images\\Nature\\Tree.png
customObst|905|5|file:Images\\Nature\\Tree.png
customObst|905|656|file:Images\\Nature\\Tree.png
customObst|950|5|file:Images\\Nature\\Tree.png
customObst|950|656|file:Images\\Nature\\Tree.png
customObst|995|5|file:Images\\Nature\\Tree.png
customObst|995|656|file:Images\\Nature\\Tree.png
customObst|5|47|file:Images\\Nature\\Tree.png
customObst|5|87|file:Images\\Nature\\Tree.png
customObst|5|127|file:Images\\Nature\\Tree.png
customObst|5|167|file:Images\\Nature\\Tree.png
customObst|5|207|file:Images\\Nature\\Tree.png
customObst|5|247|file:Images\\Nature\\Tree.png
customObst|5|287|file:Images\\Nature\\Tree.png
customObst|5|327|file:Images\\Nature\\Tree.png
customObst|5|367|file:Images\\Nature\\Tree.png
customObst|5|407|file:Images\\Nature\\Tree.png
customObst|5|447|file:Images\\Nature\\Tree.png
customObst|5|487|file:Images\\Nature\\Tree.png
customObst|5|527|file:Images\\Nature\\Tree.png
customObst|5|567|file:Images\\Nature\\Tree.png
customObst|5|607|file:Images\\Nature\\Tree.png
customObst|995|47|file:Images\\Nature\\Tree.png
customObst|995|87|file:Images\\Nature\\Tree.png
customObst|995|127|file:Images\\Nature\\Tree.png
customObst|995|167|file:Images\\Nature\\Tree.png
customObst|995|207|file:Images\\Nature\\Tree.png
customObst|995|247|file:Images\\Nature\\Tree.png
customObst|995|287|file:Images\\Nature\\Tree.png
customObst|995|327|file:Images\\Nature\\Tree.png
customObst|995|367|file:Images\\Nature\\Tree.png
customObst|995|407|file:Images\\Nature\\Tree.png
customObst|995|447|file:Images\\Nature\\Tree.png
customObst|995|487|file:Images\\Nature\\Tree.png
customObst|995|527|file:Images\\Nature\\Tree.png
customObst|995|567|file:Images\\Nature\\Tree.png
customObst|995|614|file:Images\\Nature\\Tree.png
customObst|391|176|file:Images\\Buildings\\WoodWall32.png
customObst|391|208|file:Images\\Buildings\\WoodWall32.png
customObst|423|176|file:Images\\Buildings\\WoodWall32.png
customObst|423|208|file:Images\\Buildings\\WoodWall32.png
customObst|391|240|file:Images\\Buildings\\WoodWall32.png
over|391|144|file:Images\\Buildings\\WoodRoofLeft32.png
over|519|144|file:Images\\Buildings\\WoodRoofRight32.png
over|423|144|file:Images\\Buildings\\WoodWall32.png
over|455|144|file:Images\\Buildings\\WoodWall32.png
over|487|144|file:Images\\Buildings\\WoodWall32.png
customObst|423|240|file:Images\\Buildings\\WoodWall32.png
customObst|455|176|file:Images\\Buildings\\WoodWall32.png
customObst|487|176|file:Images\\Buildings\\WoodWall32.png
under|455|208|file:Images\\Buildings\\DarkDoorwayTall.png
exit|458|218|468|421|north|Saves\\Save01\\Maps\\TestHouseLarge.map
customObst|487|208|file:Images\\Buildings\\WoodWall32.png
customObst|487|240|file:Images\\Buildings\\WoodWall32.png
customObst|519|176|file:Images\\Buildings\\WoodWall32.png
customObst|519|208|file:Images\\Buildings\\WoodWall32.png
customObst|519|240|file:Images\\Buildings\\WoodWall32.png
over|551|208|file:Images\\Buildings\\WoodRoofRight32.png
customObst|551|240|file:Images\\Buildings\\WoodWall32.png
customObst|529|54|file:Images\Nature\Tree.png
customObst|806|394|file:Images\Nature\Tree.png
customObst|255|65|file:Images\Nature\Tree.png
customObst|277|576|file:Images\Nature\Tree.png
customObst|413|487|file:Images\Nature\Tree50x50.png
customObst|682|132|file:Images\Nature\Tree.png
customObst|890|547|file:Images\Nature\Tree50x50.png
customObst|224|458|file:Images\Nature\Tree.png
customObst|765|122|file:Images\Nature\Tree50x50.png
customObst|308|290|file:Images\Nature\Tree.png
customObst|396|276|file:Images\Nature\Tree50x50.png
customObst|194|51|file:Images\Nature\Tree.png
customObst|287|240|file:Images\Nature\Tree50x50.png
customObst|348|388|file:Images\Nature\Tree.png
customObst|646|244|file:Images\Nature\Tree.png
customObst|228|544|file:Images\Nature\Tree.png
customObst|872|257|file:Images\Nature\Tree.png
customObst|592|165|file:Images\Nature\Tree.png
customObst|473|78|file:Images\Nature\Tree.png
item|helmet|663|502|0|0|6|1|2.0|0|0|58|common|wood|file:Images\Armors\wood\Helmet.png|wood helmet|A wood helmet
customObst|367|82|file:Images\Nature\Tree50x50.png
customObst|229|198|file:Images\Nature\Tree.png
item|shield|173|471|2|0|5|2|3.0|0|0|71|common|wood|file:Images\Armors\wood\Shield.png|wood shield|A wood shield
customObst|537|543|file:Images\Nature\Tree.png
customObst|923|229|file:Images\Nature\Tree.png
customObst|819|441|file:Images\Nature\Tree.png
loot|765|425|file:Images\Lootables\ChestArea.png
item|potion|0|0|0|0|0|0|0.1|0|0|96|common|health|75|file:Images\Consumables\Potions\Health Potion.png
item|potion|0|0|0|0|0|0|0.1|0|0|95|common|health|75|file:Images\Consumables\Potions\Health Potion.png
item|helmet|0|0|0|0|4|1|2.0|0|0|39|common|cloth|file:Images\Armors\cloth\Helmet.png|cloth hood|A cloth hood
item|axe|0|0|4|1|0|3|1.0|0|0|52|common|wood|file:Images\Weapons\wood\axe\Axe.png|wood axe|A wood axe
endloot
loot|793|537|file:Images\Lootables\ChestArea.png
item|potion|0|0|0|0|0|0|0.1|0|0|95|common|health|80|file:Images\Consumables\Potions\Health Potion.png
item|boots|0|0|0|0|2|1|2.0|0|0|28|junk|cloth|file:Images\Armors\cloth\Boots.png|cloth boots|A pair of cloth boots
item|shield|0|0|2|0|5|2|3.0|0|0|71|common|wood|file:Images\Armors\wood\Shield.png|wood shield|A wood shield
item|potion|0|0|0|0|0|0|0.1|0|0|96|common|health|80|file:Images\Consumables\Potions\Health Potion.png
endloot
neutral|92|580|Dennis Bell|Images\Characters\GenericNeutral\GenericNeutralNorth.png|Images\Characters\GenericNeutral\GenericNeutralSouth.png|Images\Characters\GenericNeutral\GenericNeutralEast.png|Images\Characters\GenericNeutral\GenericNeutralWest.png|how the fuck did i get here???
neutral|322|57|Mark Bailey|Images\Characters\GenericNeutral\GenericNeutralNorth.png|Images\Characters\GenericNeutral\GenericNeutralSouth.png|Images\Characters\GenericNeutral\GenericNeutralEast.png|Images\Characters\GenericNeutral\GenericNeutralWest.png|This message is being read from the second line.|This is a test of the generic dialogue system.|Hello, how are you?
