enemy|305|305|Generic Boss|5|500|500|200|200|25|35|35|40|file:Images\\Characters\\GenericNeutral\\GenericNeutralNorth.png|file:Images\\Characters\\GenericNeutral\\GenericNeutralSouth.png|file:Images\\Characters\\GenericNeutral\\GenericNeutralEast.png|file:Images\\Characters\\GenericNeutral\\GenericNeutralWest.png|file:Music\\InLightOfDarkness.mp3|This, is, a, test, of, commas.|Aasdjfklahjklnbdj
customObst|5|5|file:Images\\Nature\\Tree.png
customObst|5|656|file:Images\\Nature\\Tree.png
customObst|50|5|file:Images\\Nature\\Tree.png
customObst|50|656|file:Images\\Nature\\Tree.png
customObst|95|5|file:Images\\Nature\\Tree.png
customObst|95|656|file:Images\\Nature\\Tree.png
customObst|140|5|file:Images\\Nature\\Tree.png
customObst|140|656|file:Images\\Nature\\Tree.png
customObst|185|5|file:Images\\Nature\\Tree.png
customObst|185|656|file:Images\\Nature\\Tree.png
customObst|230|5|file:Images\\Nature\\Tree.png
customObst|230|656|file:Images\\Nature\\Tree.png
customObst|275|5|file:Images\\Nature\\Tree.png
customObst|275|656|file:Images\\Nature\\Tree.png
customObst|320|5|file:Images\\Nature\\Tree.png
customObst|320|656|file:Images\\Nature\\Tree.png
customObst|365|5|file:Images\\Nature\\Tree.png
customObst|365|656|file:Images\\Nature\\Tree.png
customObst|410|5|file:Images\\Nature\\Tree.png
customObst|410|656|file:Images\\Nature\\Tree.png
customObst|455|5|file:Images\\Nature\\Tree.png
customObst|455|656|file:Images\\Nature\\Tree.png
exit|512|5|512|600|north|random
customObst|500|656|file:Images\\Nature\\Tree.png
customObst|545|5|file:Images\\Nature\\Tree.png
customObst|545|656|file:Images\\Nature\\Tree.png
customObst|590|5|file:Images\\Nature\\Tree.png
customObst|590|656|file:Images\\Nature\\Tree.png
customObst|635|5|file:Images\\Nature\\Tree.png
customObst|635|656|file:Images\\Nature\\Tree.png
customObst|680|5|file:Images\\Nature\\Tree.png
customObst|680|656|file:Images\\Nature\\Tree.png
customObst|725|5|file:Images\\Nature\\Tree.png
customObst|725|656|file:Images\\Nature\\Tree.png
customObst|770|5|file:Images\\Nature\\Tree.png
customObst|770|656|file:Images\\Nature\\Tree.png
customObst|815|5|file:Images\\Nature\\Tree.png
customObst|815|656|file:Images\\Nature\\Tree.png
customObst|860|5|file:Images\\Nature\\Tree.png
customObst|860|656|file:Images\\Nature\\Tree.png
customObst|905|5|file:Images\\Nature\\Tree.png
customObst|905|656|file:Images\\Nature\\Tree.png
customObst|950|5|file:Images\\Nature\\Tree.png
customObst|950|656|file:Images\\Nature\\Tree.png
customObst|995|5|file:Images\\Nature\\Tree.png
customObst|995|656|file:Images\\Nature\\Tree.png
customObst|5|47|file:Images\\Nature\\Tree.png
customObst|5|87|file:Images\\Nature\\Tree.png
customObst|5|127|file:Images\\Nature\\Tree.png
customObst|5|167|file:Images\\Nature\\Tree.png
customObst|5|207|file:Images\\Nature\\Tree.png
customObst|5|247|file:Images\\Nature\\Tree.png
customObst|5|287|file:Images\\Nature\\Tree.png
customObst|5|327|file:Images\\Nature\\Tree.png
customObst|5|367|file:Images\\Nature\\Tree.png
customObst|5|407|file:Images\\Nature\\Tree.png
customObst|5|447|file:Images\\Nature\\Tree.png
customObst|5|487|file:Images\\Nature\\Tree.png
customObst|5|527|file:Images\\Nature\\Tree.png
customObst|5|567|file:Images\\Nature\\Tree.png
customObst|995|47|file:Images\\Nature\\Tree.png
customObst|995|87|file:Images\\Nature\\Tree.png
customObst|995|127|file:Images\\Nature\\Tree.png
customObst|995|167|file:Images\\Nature\\Tree.png
customObst|995|207|file:Images\\Nature\\Tree.png
customObst|995|247|file:Images\\Nature\\Tree.png
customObst|995|287|file:Images\\Nature\\Tree.png
customObst|995|327|file:Images\\Nature\\Tree.png
customObst|995|367|file:Images\\Nature\\Tree.png
customObst|995|407|file:Images\\Nature\\Tree.png
customObst|995|447|file:Images\\Nature\\Tree.png
customObst|995|487|file:Images\\Nature\\Tree.png
customObst|995|527|file:Images\\Nature\\Tree.png
customObst|995|567|file:Images\\Nature\\Tree.png
customObst|995|614|file:Images\\Nature\\Tree.png
customObst|500|200|file:Images\\Nature\\Tree50x50.png
customObst|400|400|file:Images\\Buildings\\WoodWall32.png
customObst|400|432|file:Images\\Buildings\\WoodWall32.png
customObst|432|400|file:Images\\Buildings\\WoodWall32.png
customObst|432|432|file:Images\\Buildings\\WoodWall32.png
customObst|400|464|file:Images\\Buildings\\WoodWall32.png
over|400|368|file:Images\\Buildings\\WoodRoofLeft32.png
over|528|368|file:Images\\Buildings\\WoodRoofRight32.png
over|432|368|file:Images\\Buildings\\WoodWall32.png
over|432|368|file:Images\\Buildings\\WoodWall32.png
over|464|368|file:Images\\Buildings\\WoodWall32.png
over|496|368|file:Images\\Buildings\\WoodWall32.png
customObst|432|464|file:Images\\Buildings\\WoodWall32.png
customObst|464|400|file:Images\\Buildings\\WoodWall32.png
customObst|496|400|file:Images\\Buildings\\WoodWall32.png
under|464|432|file:Images\\Buildings\\DarkDoorwayTall.png
exit|464|445|468|420|north|Saves\\Save01\\Maps\\TestHouseLarge.map
customObst|496|432|file:Images\\Buildings\\WoodWall32.png
customObst|496|464|file:Images\\Buildings\\WoodWall32.png
customObst|528|400|file:Images\\Buildings\\WoodWall32.png
customObst|528|432|file:Images\\Buildings\\WoodWall32.png
customObst|528|464|file:Images\\Buildings\\WoodWall32.png
over|560|432|file:Images\\Buildings\\WoodRoofRight32.png
customObst|560|464|file:Images\\Buildings\\WoodWall32.png
exit|5|617|980|617|east|Saves\\Save01\\Maps\\Map0-0.map
background|grass
