enemy|900|610|Ryan Nufrio|1|20|20|200|200|20|20|20|30|file:Images\\Characters\\GenericNeutral\\GenericNeutralNorth.png|file:Images\\Characters\\GenericNeutral\\GenericNeutralSouth.png|file:Images\\Characters\\GenericNeutral\\GenericNeutralEast.png|file:Images\\Characters\\GenericNeutral\\GenericNeutralWest.png|file:Music\\InLightOfDarkness.mp3|Please kill me.|We're just on a giant floating rock in the middle of space.|I'm so fucking miserable.
item|sword|825|350|20|1|2|2|10|30|20|100|legendary|steel|file:Images\\Weapons\\testSword.png|Test sword| A unique test sword created by matt for the mapping system.
item|shield|755|395|5|0|30|5|15.5|30|20|75|very_rare|steel|file:Images\\Armors\\steel\\Shield.png|Test shield|A unique shield created for testing purposes

loot|355|405|file:Images\\Lootables\\ChestArea.png
item|sword|0|0|20|1|2|2|10|30|20|100|legendary|steel|file:Images\\Weapons\\testSword.png|Test sword| A unique test sword created by matt for the mapping system.
item|shield|0|0|5|0|30|5|15.5|30|20|75|very_rare|steel|file:Images\\Armors\\steel\\Shield.png|Test shield|A unique shield created for testing purposes
endloot

loot|305|305|file:Images\\Lootables\\ChestArea.png
item|axe|0|0|501|0|0|1|5.0|0|0|20|legendary|steel|file:Images\\Weapons\\iron\\axe\\Axe.png|Floki's axe|You insult the gods?
random
random
random
random
endloot

loot|455|455|file:Images\\Lootables\\ChestArea.png
random
random
endloot

loot|50|575|file:Images\\Lootables\\ChestArea.png
item|potion|0|0|0|0|0|0|0.5|75|0|15|common|health|1|file:Images\\Consumables\\Potions\\Health Potion.png
endloot

loot|913|56|file:Images\\Lootables\\ChestArea.png
item|chest|0|0|0|0|20|2|10.8|10|0|115|very_rare|iron|file:Images\\Armors\\iron\\Chest.png|Test chestpiece| A unique test chest created by matt for the mapping system.
endloot

loot|458|55|file:Images\\Lootables\\ChestArea.png
random
random
random
random
endloot

loot|505|55|file:Images\\Lootables\\ChestArea.png
random
random
random
random
endloot

loot|555|55|file:Images\\Lootables\\ChestArea.png
random
random
random
random
endloot

customObst|965|50|file:Images\\TorchTest.gif
customObst|885|50|file:Images\\TorchTest.gif

customObst|5|5|file:Images\\Nature\\Tree.png
customObst|5|656|file:Images\\Nature\\Tree.png
customObst|50|5|file:Images\\Nature\\Tree.png
customObst|50|656|file:Images\\Nature\\Tree.png
customObst|95|5|file:Images\\Nature\\Tree.png
customObst|95|656|file:Images\\Nature\\Tree.png
customObst|140|5|file:Images\\Nature\\Tree.png
customObst|140|656|file:Images\\Nature\\Tree.png
customObst|185|5|file:Images\\Nature\\Tree.png
customObst|185|656|file:Images\\Nature\\Tree.png
customObst|230|5|file:Images\\Nature\\Tree.png
customObst|230|656|file:Images\\Nature\\Tree.png
customObst|275|5|file:Images\\Nature\\Tree.png
customObst|275|656|file:Images\\Nature\\Tree.png
customObst|320|5|file:Images\\Nature\\Tree.png
customObst|320|656|file:Images\\Nature\\Tree.png
customObst|365|5|file:Images\\Nature\\Tree.png
customObst|365|656|file:Images\\Nature\\Tree.png
customObst|410|5|file:Images\\Nature\\Tree.png
customObst|410|656|file:Images\\Nature\\Tree.png
customObst|455|5|file:Images\\Nature\\Tree.png
customObst|455|656|file:Images\\Nature\\Tree.png
customObst|500|5|file:Images\\Nature\\Tree.png
customObst|500|656|file:Images\\Nature\\Tree.png
customObst|545|5|file:Images\\Nature\\Tree.png
customObst|545|656|file:Images\\Nature\\Tree.png
customObst|590|5|file:Images\\Nature\\Tree.png
customObst|590|656|file:Images\\Nature\\Tree.png
customObst|635|5|file:Images\\Nature\\Tree.png
customObst|635|656|file:Images\\Nature\\Tree.png
customObst|680|5|file:Images\\Nature\\Tree.png
customObst|680|656|file:Images\\Nature\\Tree.png
customObst|725|5|file:Images\\Nature\\Tree.png
customObst|725|656|file:Images\\Nature\\Tree.png
customObst|770|5|file:Images\\Nature\\Tree.png
customObst|770|656|file:Images\\Nature\\Tree.png
customObst|815|5|file:Images\\Nature\\Tree.png
customObst|815|656|file:Images\\Nature\\Tree.png
customObst|860|5|file:Images\\Nature\\Tree.png
customObst|860|656|file:Images\\Nature\\Tree.png
customObst|905|5|file:Images\\Nature\\Tree.png
customObst|905|656|file:Images\\Nature\\Tree.png
customObst|950|5|file:Images\\Nature\\Tree.png
customObst|950|656|file:Images\\Nature\\Tree.png
customObst|995|5|file:Images\\Nature\\Tree.png
customObst|995|656|file:Images\\Nature\\Tree.png
customObst|5|47|file:Images\\Nature\\Tree.png
customObst|5|87|file:Images\\Nature\\Tree.png
customObst|5|127|file:Images\\Nature\\Tree.png
customObst|5|167|file:Images\\Nature\\Tree.png
customObst|5|207|file:Images\\Nature\\Tree.png
customObst|5|247|file:Images\\Nature\\Tree.png
customObst|5|287|file:Images\\Nature\\Tree.png
customObst|5|327|file:Images\\Nature\\Tree.png
customObst|5|367|file:Images\\Nature\\Tree.png
customObst|5|407|file:Images\\Nature\\Tree.png
customObst|5|447|file:Images\\Nature\\Tree.png
customObst|5|487|file:Images\\Nature\\Tree.png
customObst|5|527|file:Images\\Nature\\Tree.png
customObst|5|567|file:Images\\Nature\\Tree.png
customObst|5|607|file:Images\\Nature\\Tree.png
customObst|995|47|file:Images\\Nature\\Tree.png
customObst|995|87|file:Images\\Nature\\Tree.png
customObst|995|127|file:Images\\Nature\\Tree.png
customObst|995|167|file:Images\\Nature\\Tree.png
customObst|995|207|file:Images\\Nature\\Tree.png
customObst|995|247|file:Images\\Nature\\Tree.png
customObst|995|287|file:Images\\Nature\\Tree.png
customObst|995|327|file:Images\\Nature\\Tree.png
customObst|995|367|file:Images\\Nature\\Tree.png
customObst|995|407|file:Images\\Nature\\Tree.png
customObst|995|447|file:Images\\Nature\\Tree.png
customObst|995|487|file:Images\\Nature\\Tree.png
customObst|995|527|file:Images\\Nature\\Tree.png
customObst|995|567|file:Images\\Nature\\Tree.png
customObst|250|152|file:Images\\Nature\\Tree.png
customObst|503|445|file:Images\\Nature\\Tree.png
customObst|154|521|file:Images\\Nature\\Tree.png
customObst|653|196|file:Images\\Nature\\Tree.png
customObst|173|472|file:Images\\Nature\\Tree.png
save|605|605
exit|1020|617|30|617|west|Saves\\Save01\\Maps\\Map0-1.map

loot|150|405|file:Images\\Lootables\\SmallCrates.png
item|boots|0|0|0|0|2|2|6.4|0|0|25|junk|cloth|file:Images\\Armors\\cloth\\boots.png|Shitty boots|Really shitty boots why would you even pick these up
endloot

background|grass

neutral|96|101|Kevin Dunphy|file:Images\\Characters\\GenericNeutral\\GenericNeutralNorth.png|file:Images\\Characters\\GenericNeutral\\GenericNeutralSouth.png|file:Images\\Characters\\GenericNeutral\\GenericNeutralEast.png|file:Images\\Characters\\GenericNeutral\\GenericNeutralWest.png|This is a test message.|There should be four separate dialogue boxes to pop up total.|This message is a test of the maximum length of the dialogue box.|This is the last one.