background,interior-black
exit,464,465,468,485,Saves\\Save01\\Maps\\Map0-1.map
lower,368,368,file:Images\\Buildings\\WoodFloor32.png
lower,368,400,file:Images\\Buildings\\WoodFloor32.png
lower,368,432,file:Images\\Buildings\\WoodFloor32.png
lower,368,336,file:Images\\Buildings\\WoodFloor32.png
lower,464,464,file:Images\\Buildings\\WoodFloor32.png
lower,464,432,file:Images\\Buildings\\WoodFloor32.png
lower,464,400,file:Images\\Buildings\\WoodFloor32.png
lower,464,368,file:Images\\Buildings\\WoodFloor32.png
lower,464,336,file:Images\\Buildings\\WoodFloor32.png
lower,432,432,file:Images\\Buildings\\WoodFloor32.png
lower,432,400,file:Images\\Buildings\\WoodFloor32.png
lower,432,368,file:Images\\Buildings\\WoodFloor32.png
lower,432,336,file:Images\\Buildings\\WoodFloor32.png
lower,400,432,file:Images\\Buildings\\WoodFloor32.png
lower,400,400,file:Images\\Buildings\\WoodFloor32.png
lower,400,368,file:Images\\Buildings\\WoodFloor32.png
lower,400,336,file:Images\\Buildings\\WoodFloor32.png
lower,496,432,file:Images\\Buildings\\WoodFloor32.png
lower,496,400,file:Images\\Buildings\\WoodFloor32.png
lower,496,368,file:Images\\Buildings\\WoodFloor32.png
lower,496,336,file:Images\\Buildings\\WoodFloor32.png
lower,528,432,file:Images\\Buildings\\WoodFloor32.png
lower,528,400,file:Images\\Buildings\\WoodFloor32.png
lower,528,368,file:Images\\Buildings\\WoodFloor32.png
lower,528,336,file:Images\\Buildings\\WoodFloor32.png
lower,550,432,file:Images\\Buildings\\WoodFloor32.png
lower,550,400,file:Images\\Buildings\\WoodFloor32.png
lower,550,368,file:Images\\Buildings\\WoodFloor32.png
lower,550,336,file:Images\\Buildings\\WoodFloor32.png
nonhostile