exit|464|480|468|485|south|Saves\\Save01\\Maps\\Map0-1.map
customObst|720|432|file:Images\\Buildings\\WoodWall32.png
customObst|720|400|file:Images\\Buildings\\WoodWall32.png
customObst|720|368|file:Images\\Buildings\\WoodWall32.png
customObst|720|336|file:Images\\Buildings\\WoodWall32.png
customObst|720|304|file:Images\\Buildings\\WoodWall32.png
customObst|720|272|file:Images\\Buildings\\WoodWall32.png
customObst|720|240|file:Images\\Buildings\\WoodWall32.png
customObst|720|208|file:Images\\Buildings\\WoodWall32.png
customObst|720|176|file:Images\\Buildings\\WoodWall32.png
customObst|720|464|file:Images\\Buildings\\WoodWall32.png
customObst|688|464|file:Images\\Buildings\\WoodWall32.png
customObst|656|464|file:Images\\Buildings\\WoodWall32.png
customObst|624|464|file:Images\\Buildings\\WoodWall32.png
customObst|592|464|file:Images\\Buildings\\WoodWall32.png
customObst|560|464|file:Images\\Buildings\\WoodWall32.png
customObst|528|464|file:Images\\Buildings\\WoodWall32.png
customObst|496|464|file:Images\\Buildings\\WoodWall32.png
customObst|432|464|file:Images\\Buildings\\WoodWall32.png
customObst|400|464|file:Images\\Buildings\\WoodWall32.png
customObst|368|464|file:Images\\Buildings\\WoodWall32.png
customObst|336|464|file:Images\\Buildings\\WoodWall32.png
customObst|304|464|file:Images\\Buildings\\WoodWall32.png
customObst|272|464|file:Images\\Buildings\\WoodWall32.png
customObst|240|464|file:Images\\Buildings\\WoodWall32.png
customObst|208|464|file:Images\\Buildings\\WoodWall32.png
customObst|208|432|file:Images\\Buildings\\WoodWall32.png
customObst|208|400|file:Images\\Buildings\\WoodWall32.png
customObst|208|368|file:Images\\Buildings\\WoodWall32.png
customObst|208|336|file:Images\\Buildings\\WoodWall32.png
customObst|208|304|file:Images\\Buildings\\WoodWall32.png
customObst|208|272|file:Images\\Buildings\\WoodWall32.png
customObst|208|240|file:Images\\Buildings\\WoodWall32.png
customObst|208|208|file:Images\\Buildings\\WoodWall32.png
customObst|208|176|file:Images\\Buildings\\WoodWall32.png
customObst|688|176|file:Images\\Buildings\\WoodWall32.png
customObst|656|176|file:Images\\Buildings\\WoodWall32.png
customObst|624|176|file:Images\\Buildings\\WoodWall32.png
customObst|592|176|file:Images\\Buildings\\WoodWall32.png
customObst|560|176|file:Images\\Buildings\\WoodWall32.png
customObst|528|176|file:Images\\Buildings\\WoodWall32.png
customObst|464|176|file:Images\\Buildings\\WoodWall32.png
customObst|496|176|file:Images\\Buildings\\WoodWall32.png
customObst|432|176|file:Images\\Buildings\\WoodWall32.png
customObst|400|176|file:Images\\Buildings\\WoodWall32.png
customObst|368|176|file:Images\\Buildings\\WoodWall32.png
customObst|336|176|file:Images\\Buildings\\WoodWall32.png
customObst|304|176|file:Images\\Buildings\\WoodWall32.png
customObst|272|176|file:Images\\Buildings\\WoodWall32.png
customObst|240|176|file:Images\\Buildings\\WoodWall32.png
customObst|250|210|file:Images\\TorchTest.gif
under|464|464|file:Images\\Buildings\\WoodFloor32.png
under|224|336|file:Images\\Buildings\\WoodFloor256x128.png
under|480|336|file:Images\\Buildings\\WoodFloor256x128.png
under|224|208|file:Images\\Buildings\\WoodFloor256x128.png
under|480|208|file:Images\\Buildings\\WoodFloor256x128.png
neutral|464|240|Shrek|file:Images\\Characters\\Sherk.png|file:Images\\Characters\\Sherk.png|file:Images\\Characters\\Sherk.png|file:Images\\Characters\\Sherk.png|GET OUT OF MY SWAMP
background|interior-black